// Jest Snapshot v1, https://goo.gl/fbAQLP

exports[`Section Component:  It renders Product List component 1`] = `
.c0 {
  margin: 0;
  padding: 0;
  border: 0;
  vertical-align: baseline;
  font: 100%;
  list-style: none;
  position: relative;
  width: 100%;
  padding-left: 0;
}

<ProductsList
  currency="USD"
  fetchProducts={[Function]}
  isFetching={false}
  products={Array []}
  updateCounter={[MockFunction]}
  updateTotal={[MockFunction]}
>
  <Styled(styled.ul)>
    <StyledComponent
      forwardedComponent={
        Object {
          "$$typeof": Symbol(react.forward_ref),
          "attrs": Array [],
          "componentStyle": ComponentStyle {
            "componentId": "sc-bwzfXH",
            "isStatic": false,
            "lastClassName": "c0",
            "rules": Array [
              "
  ",
              "
  margin: 0;
  padding: 0;
  border: 0;
  vertical-align: baseline;
  font: 100%;
",
              "
  list-style: none;
",
              "
  position: relative;
  width: 100%;
  padding-left: 0;
  ",
              [Function],
              "
",
            ],
          },
          "displayName": "Styled(styled.ul)",
          "foldedComponentIds": Array [
            "sc-bdVaJa",
          ],
          "render": [Function],
          "styledComponentId": "sc-bwzfXH",
          "target": "ul",
          "toString": [Function],
          "warnTooManyClasses": [Function],
          "withComponent": [Function],
        }
      }
      forwardedRef={null}
    >
      <ul
        className="c0"
      />
    </StyledComponent>
  </Styled(styled.ul)>
</ProductsList>
`;
